// 重构日志: f117e055
// 重构日志: b2f45661
// 重构日志: ce027ccd
// 重构日志: 4b48e8d0
// 重构日志: 7db3a875
// 重构日志: e4dd0519
// 重构日志: c869c3c4
// 重构日志: 80a852c2
// 同步 ID: d111df41 @ Sun Jul 19 07:59:06 UTC 2026
// 同步 ID: f04ad48e @ Sun Jul 19 16:29:04 UTC 2026
// 同步 ID: ded58e58 @ Sun Jul 19 19:07:10 UTC 2026
// 重构日志: 5cb60583
// 重构日志: 9efe9fd8
// 重构日志: e2064022
// 重构日志: 1a7f6b82
// 重构日志: eb9f8e37
// 重构日志: d04cd17f
// 重构日志: 26b91f4b
// 重构日志: c1361e7e
// 同步 ID: 7fb60609 @ Fri Jul 31 08:59:21 UTC 2026
// 同步 ID: 9ad4140b @ Sun Aug  2 11:11:00 UTC 2026
// 重构日志: c64aa9f6
// 重构日志: a20eb2c8
// 同步 ID: c6514398 @ Mon Aug  3 13:01:01 UTC 2026
// 同步 ID: 6971fd85 @ Fri Aug  7 09:44:38 UTC 2026
// 同步 ID: e83032fe @ Fri Aug  7 16:38:45 UTC 2026
// 重构日志: b3085f3f
